../Drivers/CMSIS/Include/core_cm7.h:2464:22:SCB_InvalidateDCache_by_Addr	32	static,ignoring_inline_asm
../LWIP/Target/ethernetif.c:159:6:HAL_ETH_RxCpltCallback	16	static
../LWIP/Target/ethernetif.c:168:6:HAL_ETH_TxCpltCallback	16	static
../LWIP/Target/ethernetif.c:177:6:HAL_ETH_ErrorCallback	16	static
../LWIP/Target/ethernetif.c:199:13:low_level_init	176	static
../LWIP/Target/ethernetif.c:373:14:low_level_output	80	static
../LWIP/Target/ethernetif.c:445:22:low_level_input	24	static
../LWIP/Target/ethernetif.c:466:6:ethernetif_input	24	static
../LWIP/Target/ethernetif.c:523:7:ethernetif_init	16	static
../LWIP/Target/ethernetif.c:574:6:pbuf_free_custom	24	static
../LWIP/Target/ethernetif.c:597:7:sys_now	8	static
../LWIP/Target/ethernetif.c:610:6:HAL_ETH_MspInit	64	static
../LWIP/Target/ethernetif.c:673:6:HAL_ETH_MspDeInit	16	static
../LWIP/Target/ethernetif.c:719:9:ETH_PHY_IO_Init	8	static
../LWIP/Target/ethernetif.c:736:9:ETH_PHY_IO_DeInit	4	static
../LWIP/Target/ethernetif.c:748:9:ETH_PHY_IO_ReadReg	24	static
../LWIP/Target/ethernetif.c:765:9:ETH_PHY_IO_WriteReg	24	static
../LWIP/Target/ethernetif.c:779:9:ETH_PHY_IO_GetTick	8	static
../LWIP/Target/ethernetif.c:788:6:ethernet_link_thread	136	static
../LWIP/Target/ethernetif.c:858:6:HAL_ETH_RxAllocateCallback	32	static
../LWIP/Target/ethernetif.c:880:6:HAL_ETH_RxLinkCallback	40	static
../LWIP/Target/ethernetif.c:920:6:HAL_ETH_TxFreeCallback	16	static
