../Core/Src/stm32f7xx_it.c:86:6:NMI_Handler	4	static
../Core/Src/stm32f7xx_it.c:101:6:HardFault_Handler	4	static
../Core/Src/stm32f7xx_it.c:116:6:MemManage_Handler	4	static
../Core/Src/stm32f7xx_it.c:131:6:BusFault_Handler	4	static
../Core/Src/stm32f7xx_it.c:146:6:UsageFault_Handler	4	static
../Core/Src/stm32f7xx_it.c:161:6:DebugMon_Handler	4	static
../Core/Src/stm32f7xx_it.c:181:6:DMA1_Stream0_IRQHandler	8	static
../Core/Src/stm32f7xx_it.c:195:6:DMA1_Stream2_IRQHandler	8	static
../Core/Src/stm32f7xx_it.c:209:6:DMA1_Stream3_IRQHandler	8	static
../Core/Src/stm32f7xx_it.c:223:6:DMA1_Stream4_IRQHandler	8	static
../Core/Src/stm32f7xx_it.c:237:6:DMA1_Stream5_IRQHandler	8	static
../Core/Src/stm32f7xx_it.c:251:6:ADC_IRQHandler	8	static
../Core/Src/stm32f7xx_it.c:265:6:I2C2_EV_IRQHandler	8	static
../Core/Src/stm32f7xx_it.c:279:6:I2C2_ER_IRQHandler	8	static
../Core/Src/stm32f7xx_it.c:293:6:DMA1_Stream7_IRQHandler	8	static
../Core/Src/stm32f7xx_it.c:307:6:UART4_IRQHandler	8	static
../Core/Src/stm32f7xx_it.c:321:6:UART5_IRQHandler	8	static
../Core/Src/stm32f7xx_it.c:335:6:TIM6_DAC_IRQHandler	8	static
../Core/Src/stm32f7xx_it.c:349:6:DMA2_Stream0_IRQHandler	8	static
../Core/Src/stm32f7xx_it.c:363:6:DMA2_Stream1_IRQHandler	8	static
../Core/Src/stm32f7xx_it.c:377:6:DMA2_Stream3_IRQHandler	8	static
../Core/Src/stm32f7xx_it.c:391:6:DMA2_Stream4_IRQHandler	8	static
../Core/Src/stm32f7xx_it.c:405:6:ETH_IRQHandler	8	static
../Core/Src/stm32f7xx_it.c:419:6:I2C4_EV_IRQHandler	8	static
../Core/Src/stm32f7xx_it.c:433:6:I2C4_ER_IRQHandler	8	static
